{
  "collection": "artist",
  "query": {
    "fields": {
      "Name": {
        "type": "column",
        "column": "Name",
        "arguments": {}
      }
    }
  },
  "arguments": {},
  "collection_relationships": {}
}
