---
source: crates/tests/databases-tests/src/cockroach/query_tests.rs
expression: result
---
[
  {
    "rows": [
      {
        "result": 2
      }
    ]
  },
  {
    "rows": [
      {
        "result": 3
      }
    ]
  }
]
