{
  "version": "4",
  "metadata": {
    "tables": {
      "album": {
        "schemaName": "public",
        "tableName": "Album",
        "columns": {
          "artist_id": {
            "name": "ArtistId",
            "type": {
              "scalarType": "int4"
            },
            "nullable": "nullable",
            "description": null
          },
          "id": {
            "name": "AlbumId",
            "type": {
              "scalarType": "int4"
            },
            "nullable": "nullable",
            "description": null
          },
          "title": {
            "name": "Title",
            "type": {
              "scalarType": "varchar"
            },
            "nullable": "nullable",
            "description": null
          }
        },
        "uniquenessConstraints": {},
        "foreignRelations": {},
        "description": null
      },
      "artist": {
        "schemaName": "public",
        "tableName": "Artist",
        "columns": {
          "id": {
            "name": "ArtistId",
            "type": {
              "scalarType": "int4"
            },
            "nullable": "nullable",
            "description": null
          },
          "name": {
            "name": "Name",
            "type": {
              "scalarType": "varchar"
            },
            "nullable": "nullable",
            "description": null
          }
        },
        "uniquenessConstraints": {},
        "foreignRelations": {},
        "description": null
      }
    },
    "scalarTypes": {
      "int4": {
        "typeName": "int4",
        "schemaName": "pg_catalog",
        "description": null,
        "aggregateFunctions": {},
        "comparisonOperators": {},
        "typeRepresentation": null
      },
      "varchar": {
        "typeName": "varchar",
        "schemaName": "pg_catalog",
        "description": null,
        "aggregateFunctions": {},
        "comparisonOperators": {
          "_like": {
            "operatorName": "LIKE",
            "operatorKind": "custom",
            "argumentType": "varchar",
            "isInfix": true
          }
        },
        "typeRepresentation": null
      }
    },
    "compositeTypes": {},
    "nativeQueries": {}
  },
  "mutationsVersion": null
}
