---
source: crates/tests/other-db-tests/src/cockroach/query_tests.rs
expression: result
---
[
  {
    "rows": [
      {
        "Title": "Garage Inc. (Disc 1)"
      },
      {
        "Title": "Garage Inc. (Disc 2)"
      }
    ]
  },
  {
    "rows": [
      {
        "Title": "Beyond Good And Evil"
      }
    ]
  }
]
