---
source: crates/connectors/ndc-citus/tests/query_tests.rs
expression: result
---
[
  {
    "rows": [
      {
        "Name": "Crazy Train"
      },
      {
        "Name": "I Don't Know"
      }
    ]
  }
]
