{
  "operations": [
    {
      "type": "procedure",
      "name": "insert_custom_defaults",
      "arguments": {
        "objects": [{}, {}, {}, {}, {}],
        "post_check": {
          "type": "unary_comparison_operator",
          "operator": "is_null",
          "column": { "type": "column", "name": "name", "path": [] }
        }
      },
      "fields": {
        "type": "object",
        "fields": {
          "affected_rows": {
            "column": "affected_rows",
            "type": "column"
          },
          "returning": {
            "type": "column",
            "column": "returning",
            "fields": {
              "type": "array",
              "fields": {
                "type": "object",
                "fields": {
                  "id": {
                    "type": "column",
                    "column": "id"
                  },
                  "name": {
                    "type": "column",
                    "column": "name"
                  },
                  "birthday": {
                    "type": "column",
                    "column": "birthday"
                  },
                  "height_cm": {
                    "type": "column",
                    "column": "height_cm"
                  },
                  "height_inch": {
                    "type": "column",
                    "column": "height_in"
                  }
                }
              }
            }
          }
        }
      }
    }
  ],
  "collection_relationships": {}
}
