---
source: crates/other-db-tests/src/aurora/query_tests.rs
expression: result
---
[
  {
    "rows": [
      {
        "AlbumId": 35,
        "Title": "Garage Inc. (Disc 1)"
      }
    ]
  },
  {
    "rows": [
      {
        "AlbumId": 222,
        "Title": "Serie Sem Limite (Disc 1)"
      }
    ]
  }
]
