---
source: crates/connectors/ndc-postgres/tests/query_tests.rs
expression: result
---
[
  {
    "rows": [
      {
        "AlbumId": 1,
        "Title": "For Those About To Rock We Salute You"
      }
    ]
  }
]
