---
source: crates/tests/other-db-tests/src/postgres/query_tests.rs
expression: result
---
[
  {
    "rows": [
      {
        "title": "Santana",
        "albums": {
          "rows": [
            {
              "title": "Supernatural"
            },
            {
              "title": "Santana - As Years Go By"
            },
            {
              "title": "Santana Live"
            }
          ]
        }
      }
    ]
  }
]
