{
  "collection": "Album",
  "query": {
    "aggregates": {
      "how_many_distinct_artist_ids": {
        "type": "column_count",
        "column": "ArtistId",
        "distinct": true
      }
    }
  },
  "arguments": {},
  "collection_relationships": {}
}
