---
source: crates/ndc-postgres/tests/query_tests.rs
expression: result
---
[
  {
    "rows": [
      {
        "Name": "Breaking The Rules"
      },
      {
        "Name": "C.O.D."
      },
      {
        "Name": "Evil Walks"
      },
      {
        "Name": "For Those About To Rock (We Salute You)"
      },
      {
        "Name": "Inject The Venom"
      }
    ]
  }
]
