---
source: crates/ndc-postgres/tests/query_tests.rs
expression: result
---
[
  {
    "rows": []
  }
]
