---
source: crates/tests/databases-tests/src/postgres/query_tests.rs
expression: result
---
[
  {
    "rows": [
      {
        "AlbumId": 346,
        "Title": "Mozart: Chamber Music"
      }
    ]
  }
]
