{
  "collection": "Artist",
  "query": {
    "fields": {
      "Name": {
        "type": "column",
        "column": "Name",
        "arguments": {}
      },
      "Albums": {
        "type": "relationship",
        "relationship": "ArtistToAlbums",
        "arguments": {},
        "query": {
          "aggregates": {
            "how_many_albums": {
              "type": "star_count"
            }
          }
        }
      }
    },
    "order_by": {
      "elements": [
        {
          "order_direction": "asc",
          "target": {
            "type": "column",
            "name": "ArtistId",
            "path": []
          }
        }
      ]
    },
    "limit": 5,
    "offset": 1
  },
  "arguments": {},
  "collection_relationships": {
    "ArtistToAlbums": {
      "column_mapping": {
        "ArtistId": "ArtistId"
      },
      "relationship_type": "array",
      "target_collection": "Album",
      "arguments": {}
    }
  }
}
