{
  "collection": "Artist",
  "query": {
    "fields": {
      "Name": {
        "type": "column",
        "column": "Name",
        "arguments": {}
      }
    },
    "predicate": {
      "type": "binary_comparison_operator",
      "column": {
        "type": "column",
        "name": "Title",
        "path": [
          {
            "relationship": "Artist_Albums",
            "arguments": {},
            "predicate": {
              "type": "and",
              "expressions": []
            }
          }
        ]
      },
      "operator": "_like",
      "value": {
        "type": "scalar",
        "value": "%e%"
      }
    },
    "order_by": {
      "elements": [
        {
          "order_direction": "asc",
          "target": {
            "type": "column",
            "name": "ArtistId",
            "path": []
          }
        }
      ]
    },
    "limit": 5
  },
  "arguments": {},
  "collection_relationships": {
    "Artist_Albums": {
      "arguments": {},
      "column_mapping": {
        "ArtistId": "ArtistId"
      },
      "relationship_type": "array",
      "target_collection": "Album"
    }
  }
}
