{
  "collection": "Album",
  "query": {
    "limit": 5,
    "fields": {
      "AlbumId": {
        "type": "column",
        "column": "AlbumId",
        "arguments": {}
      },
      "Title": {
        "type": "column",
        "column": "Title",
        "arguments": {}
      }
    },
    "where": {
      "type": "binary_comparison_operator",
      "column": {
        "type": "column",
        "name": "Title",
        "path": []
      },
      "operator": {
        "type": "other",
        "name": "_nsimilar"
      },
      "value": {
        "type": "scalar",
        "value": "(R|B)%"
      }
    }
  },
  "arguments": {},
  "collection_relationships": {}
}
