{
  "comparisonOperators": {
    "varchar": {
      "_eq": {
        "operatorName": "=",
        "argumentType": "varchar",
        "operatorKind": "equal"
      },
      "_in": {
        "operatorName": "IN",
        "argumentType": "varchar",
        "operatorKind": "in"
      }
    },
    "int4": {
      "_eq": {
        "operatorName": "=",
        "argumentType": "int4",
        "operatorKind": "equal"
      }
    }
  },
  "version": "3",
  "metadata": {
    "tables": {
      "Album": {
        "schemaName": "public",
        "tableName": "Album",
        "columns": {
          "Id": {
            "name": "AlbumId",
            "type": {
              "scalarType": "int4"
            }
          },
          "Title": {
            "name": "Title",
            "type": {
              "scalarType": "varchar"
            }
          }
        }
      }
    }
  }
}
